// Jest Snapshot v1, https://goo.gl/fbAQLP

exports[`index renders properly 1`] = `
"<div>
  <div class=\\"row align-center justify-center\\">
    <div class=\\"col-sm-8 col-md-6 col-12\\">
      <div class=\\"v-card v-sheet theme--light\\">
        <div class=\\"v-card__title headline\\">
          Movie List
          <div class=\\"spacer\\"></div> <button type=\\"button\\" class=\\"v-btn v-btn--is-elevated v-btn--fab v-btn--has-bg v-btn--round theme--light v-size--small primary\\"><span class=\\"v-btn__content\\"><i aria-hidden=\\"true\\" class=\\"v-icon notranslate mdi mdi-refresh theme--light\\"></i></span></button></div>
      </div>
    </div>
  </div>
  <div class=\\"row align-center justify-center\\">
    <div class=\\"col-sm-8 col-md-6 col-12\\">
      <div class=\\"text-center\\">
        <div>
          <div class=\\"text-center pt-2\\">
            <div class=\\"v-input theme--light v-text-field v-text-field--enclosed v-text-field--outlined\\">
              <div class=\\"v-input__control\\">
                <div class=\\"v-input__slot\\">
                  <div class=\\"v-input__prepend-inner\\">
                    <div class=\\"v-input__icon v-input__icon--prepend-inner\\"><i aria-hidden=\\"true\\" class=\\"v-icon notranslate mdi mdi-magnify theme--light\\"></i></div>
                  </div>
                  <fieldset aria-hidden=\\"true\\">
                    <legend style=\\"width: 0px;\\"><span>â€‹</span></legend>
                  </fieldset>
                  <div class=\\"v-text-field__slot\\"><label for=\\"input-163\\" class=\\"v-label theme--light\\" style=\\"left: 0px; position: absolute;\\">Search</label><input id=\\"input-163\\" type=\\"text\\"></div>
                </div>
                <div class=\\"v-text-field__details\\">
                  <div class=\\"v-messages theme--light\\">
                    <transition-group-stub tag=\\"div\\" name=\\"message-transition\\" class=\\"v-messages__wrapper\\"></transition-group-stub>
                  </div>
                </div>
              </div>
            </div>
          </div>
        </div>
        <div>
          <div class=\\"v-data-table elevation-1 theme--light\\">
            <div class=\\"v-data-table__wrapper\\">
              <table>
                <colgroup>
                  <col class=\\"\\">
                  <col class=\\"\\">
                  <col class=\\"\\">
                  <col class=\\"\\">
                </colgroup>
                <thead class=\\"v-data-table-header\\">
                  <tr>
                    <th role=\\"columnheader\\" scope=\\"col\\" aria-label=\\"Title\\" class=\\"text-left\\"><span>Title</span></th>
                    <th role=\\"columnheader\\" scope=\\"col\\" aria-label=\\"Year\\" class=\\"text-start\\"><span>Year</span></th>
                    <th role=\\"columnheader\\" scope=\\"col\\" aria-label=\\"IMDB ID\\" class=\\"text-start\\"><span>IMDB ID</span></th>
                    <th role=\\"columnheader\\" scope=\\"col\\" aria-label=\\"\\" class=\\"text-start\\"><span></span></th>
                  </tr>
                </thead>
                <thead>
                  <tr class=\\"v-data-table__progress\\">
                    <th colspan=\\"4\\" class=\\"column\\">
                      <div role=\\"progressbar\\" aria-valuemin=\\"0\\" aria-valuemax=\\"100\\" class=\\"v-progress-linear v-progress-linear--absolute theme--light\\" style=\\"height: 4px;\\">
                        <div class=\\"v-progress-linear__background primary\\" style=\\"opacity: 0.3; left: 0%; width: 100%;\\"></div>
                        <div class=\\"v-progress-linear__buffer\\"></div>
                        <transition-stub name=\\"fade-transition\\">
                          <div class=\\"v-progress-linear__indeterminate v-progress-linear__indeterminate--active\\">
                            <div class=\\"v-progress-linear__indeterminate long primary\\"></div>
                            <div class=\\"v-progress-linear__indeterminate short primary\\"></div>
                          </div>
                        </transition-stub>
                      </div>
                    </th>
                  </tr>
                </thead>
                <tbody>
                  <tr class=\\"v-data-table__empty-wrapper\\">
                    <td colspan=\\"4\\">Loading items...</td>
                  </tr>
                </tbody>
              </table>
            </div>
          </div>
        </div>
        <div>
          <div class=\\"text-center pt-2\\">
            <nav role=\\"navigation\\" aria-label=\\"Pagination Navigation\\" id=\\"pagiElem\\">
              <ul class=\\"v-pagination theme--light\\">
                <li><button disabled=\\"disabled\\" type=\\"button\\" aria-label=\\"Previous page\\" class=\\"v-pagination__navigation v-pagination__navigation--disabled\\"><i aria-hidden=\\"true\\" class=\\"v-icon notranslate mdi mdi-chevron-left theme--light\\"></i></button></li>
                <li><button disabled=\\"disabled\\" type=\\"button\\" aria-label=\\"Next page\\" class=\\"v-pagination__navigation v-pagination__navigation--disabled\\"><i aria-hidden=\\"true\\" class=\\"v-icon notranslate mdi mdi-chevron-right theme--light\\"></i></button></li>
              </ul>
            </nav>
            <div class=\\"v-input v-input--is-readonly theme--light v-text-field\\">
              <div class=\\"v-input__control\\">
                <div class=\\"v-input__slot\\">
                  <div class=\\"v-text-field__slot\\"><label for=\\"input-178\\" class=\\"v-label theme--light\\" style=\\"left: 0px; position: absolute;\\">Items per page</label><input id=\\"input-178\\" readonly=\\"readonly\\" type=\\"number\\"></div>
                </div>
                <div class=\\"v-text-field__details\\">
                  <div class=\\"v-messages theme--light\\">
                    <transition-group-stub tag=\\"div\\" name=\\"message-transition\\" class=\\"v-messages__wrapper\\"></transition-group-stub>
                  </div>
                </div>
              </div>
            </div>
          </div>
        </div>
      </div>
    </div>
  </div>
</div>"
`;
