// Jest Snapshot v1, https://goo.gl/fbAQLP

exports[`search renders properly 1`] = `
"<div>
  <div class=\\"text-center pt-2\\">
    <div class=\\"v-input theme--light v-text-field v-text-field--enclosed v-text-field--outlined\\">
      <div class=\\"v-input__control\\">
        <div class=\\"v-input__slot\\">
          <div class=\\"v-input__prepend-inner\\">
            <div class=\\"v-input__icon v-input__icon--prepend-inner\\"><i aria-hidden=\\"true\\" class=\\"v-icon notranslate mdi mdi-magnify theme--light\\"></i></div>
          </div>
          <fieldset aria-hidden=\\"true\\">
            <legend style=\\"width: 0px;\\"><span>â€‹</span></legend>
          </fieldset>
          <div class=\\"v-text-field__slot\\"><label for=\\"input-14\\" class=\\"v-label theme--light\\" style=\\"left: 0px; position: absolute;\\">Search</label><input id=\\"input-14\\" type=\\"text\\"></div>
        </div>
        <div class=\\"v-text-field__details\\">
          <div class=\\"v-messages theme--light\\">
            <transition-group-stub tag=\\"div\\" name=\\"message-transition\\" class=\\"v-messages__wrapper\\"></transition-group-stub>
          </div>
        </div>
      </div>
    </div>
  </div>
</div>"
`;
